npm notice
npm notice 📦  three@0.180.0
npm notice Tarball Contents
npm notice 1.1kB LICENSE
npm notice 2.9kB README.md
npm notice 2.0MB build/three.cjs
npm notice 1.4MB build/three.core.js
npm notice 381.1kB build/three.core.min.js
npm notice 603.1kB build/three.module.js
npm notice 338.9kB build/three.module.min.js
npm notice 32.3kB build/three.tsl.js
npm notice 22.3kB build/three.tsl.min.js
npm notice 1.9MB build/three.webgpu.js
npm notice 579.8kB build/three.webgpu.min.js
npm notice 1.9MB build/three.webgpu.nodes.js
npm notice 578.4kB build/three.webgpu.nodes.min.js
npm notice 329.9kB examples/fonts/droid/droid_sans_bold.typeface.json
npm notice 190.6kB examples/fonts/droid/droid_sans_mono_regular.typeface.json
npm notice 319.9kB examples/fonts/droid/droid_sans_regular.typeface.json
npm notice 485.4kB examples/fonts/droid/droid_serif_bold.typeface.json
npm notice 477.1kB examples/fonts/droid/droid_serif_regular.typeface.json
npm notice 10.7kB examples/fonts/droid/NOTICE
npm notice 692B examples/fonts/droid/README.txt
npm notice 649.3kB examples/fonts/gentilis_bold.typeface.json
npm notice 627.5kB examples/fonts/gentilis_regular.typeface.json
npm notice 61.6kB examples/fonts/helvetiker_bold.typeface.json
npm notice 63.2kB examples/fonts/helvetiker_regular.typeface.json
npm notice 2.0kB examples/fonts/LICENSE
npm notice 112.2kB examples/fonts/optimer_bold.typeface.json
npm notice 110.7kB examples/fonts/optimer_regular.typeface.json
npm notice 334B examples/fonts/README.md
npm notice 18.1kB examples/fonts/ttf/kenpixel.ttf
npm notice 188B examples/fonts/ttf/README.md
npm notice 11.8kB examples/jsm/Addons.js
npm notice 4.5kB examples/jsm/animation/AnimationClipCreator.js
npm notice 13.3kB examples/jsm/animation/CCDIKSolver.js
npm notice 2.6kB examples/jsm/capabilities/WebGL.js
npm notice 1.5kB examples/jsm/capabilities/WebGPU.js
npm notice 86.9kB examples/jsm/controls/ArcballControls.js
npm notice 9.5kB examples/jsm/controls/DragControls.js
npm notice 9.3kB examples/jsm/controls/FirstPersonControls.js
npm notice 8.9kB examples/jsm/controls/FlyControls.js
npm notice 1.7kB examples/jsm/controls/MapControls.js
npm notice 38.7kB examples/jsm/controls/OrbitControls.js
npm notice 5.9kB examples/jsm/controls/PointerLockControls.js
npm notice 21.7kB examples/jsm/controls/TrackballControls.js
npm notice 49.4kB examples/jsm/controls/TransformControls.js
npm notice 13.8kB examples/jsm/csm/CSM.js
npm notice 4.7kB examples/jsm/csm/CSMFrustum.js
npm notice 6.9kB examples/jsm/csm/CSMHelper.js
npm notice 11.0kB examples/jsm/csm/CSMShader.js
npm notice 13.8kB examples/jsm/csm/CSMShadowNode.js
npm notice 16.0kB examples/jsm/curves/CurveExtras.js
npm notice 3.9kB examples/jsm/curves/NURBSCurve.js
npm notice 2.7kB examples/jsm/curves/NURBSSurface.js
npm notice 10.8kB examples/jsm/curves/NURBSUtils.js
npm notice 2.9kB examples/jsm/curves/NURBSVolume.js
npm notice 4.4kB examples/jsm/effects/AnaglyphEffect.js
npm notice 7.6kB examples/jsm/effects/AsciiEffect.js
npm notice 12.7kB examples/jsm/effects/OutlineEffect.js
npm notice 3.5kB examples/jsm/effects/ParallaxBarrierEffect.js
npm notice 2.2kB examples/jsm/effects/StereoEffect.js
npm notice 2.6kB examples/jsm/environments/DebugEnvironment.js
npm notice 4.9kB examples/jsm/environments/RoomEnvironment.js
npm notice 8.5kB examples/jsm/exporters/DRACOExporter.js
npm notice 14.6kB examples/jsm/exporters/EXRExporter.js
npm notice 86.4kB examples/jsm/exporters/GLTFExporter.js
npm notice 8.4kB examples/jsm/exporters/KTX2Exporter.js
npm notice 6.1kB examples/jsm/exporters/OBJExporter.js
npm notice 13.5kB examples/jsm/exporters/PLYExporter.js
npm notice 4.9kB examples/jsm/exporters/STLExporter.js
npm notice 27.8kB examples/jsm/exporters/USDZExporter.js
npm notice 3.1kB examples/jsm/geometries/BoxLineGeometry.js
npm notice 1.7kB examples/jsm/geometries/ConvexGeometry.js
npm notice 10.1kB examples/jsm/geometries/DecalGeometry.js
npm notice 2.9kB examples/jsm/geometries/ParametricFunctions.js
npm notice 3.8kB examples/jsm/geometries/ParametricGeometry.js
npm notice 6.5kB examples/jsm/geometries/RoundedBoxGeometry.js
npm notice 18.9kB examples/jsm/geometries/TeapotGeometry.js
npm notice 2.9kB examples/jsm/geometries/TextGeometry.js
npm notice 3.6kB examples/jsm/helpers/LightProbeHelper.js
npm notice 2.2kB examples/jsm/helpers/LightProbeHelperGPU.js
npm notice 2.8kB examples/jsm/helpers/OctreeHelper.js
npm notice 4.4kB examples/jsm/helpers/PositionalAudioHelper.js
npm notice 1.3kB examples/jsm/helpers/RapierHelper.js
npm notice 3.0kB examples/jsm/helpers/RectAreaLightHelper.js
npm notice 5.4kB examples/jsm/helpers/TextureHelper.js
npm notice 4.8kB examples/jsm/helpers/TextureHelperGPU.js
npm notice 3.5kB examples/jsm/helpers/VertexNormalsHelper.js
npm notice 3.0kB examples/jsm/helpers/VertexTangentsHelper.js
npm notice 11.0kB examples/jsm/helpers/ViewHelper.js
npm notice 14.1kB examples/jsm/interactive/HTMLMesh.js
npm notice 5.8kB examples/jsm/interactive/InteractiveGroup.js
npm notice 7.8kB examples/jsm/interactive/SelectionBox.js
npm notice 3.6kB examples/jsm/interactive/SelectionHelper.js
npm notice 393.8kB examples/jsm/libs/ammo.wasm.js
npm notice 651.4kB examples/jsm/libs/ammo.wasm.wasm
npm notice 57.5kB examples/jsm/libs/basis/basis_transcoder.js
npm notice 527.3kB examples/jsm/libs/basis/basis_transcoder.wasm
npm notice 1.4kB examples/jsm/libs/basis/README.md
npm notice 157.4kB examples/jsm/libs/chevrotain.module.min.js
npm notice 3.5kB examples/jsm/libs/demuxer_mp4.js
npm notice 719.4kB examples/jsm/libs/draco/draco_decoder.js
npm notice 285.7kB examples/jsm/libs/draco/draco_decoder.wasm
npm notice 928.7kB examples/jsm/libs/draco/draco_encoder.js
npm notice 58.8kB examples/jsm/libs/draco/draco_wasm_wrapper.js
npm notice 512.5kB examples/jsm/libs/draco/gltf/draco_decoder.js
npm notice 192.4kB examples/jsm/libs/draco/gltf/draco_decoder.wasm
npm notice 954.4kB examples/jsm/libs/draco/gltf/draco_encoder.js
npm notice 58.5kB examples/jsm/libs/draco/gltf/draco_wasm_wrapper.js
npm notice 1.5kB examples/jsm/libs/draco/README.md
npm notice 45.5kB examples/jsm/libs/ecsy.module.js
npm notice 89.4kB examples/jsm/libs/fflate.module.js
npm notice 19.9kB examples/jsm/libs/ktx-parse.module.js
npm notice 29.5kB examples/jsm/libs/lil-gui.module.min.js
npm notice 477.0kB examples/jsm/libs/lottie_canvas.module.js
npm notice 24.8kB examples/jsm/libs/meshopt_decoder.module.js
npm notice 48.5kB examples/jsm/libs/mikktspace.module.js
npm notice 13.5kB examples/jsm/libs/motion-controllers.module.js
npm notice 467.5kB examples/jsm/libs/opentype.module.js
npm notice 4.0kB examples/jsm/libs/potpack.module.js
npm notice 142.6kB examples/jsm/libs/rhino3dm/rhino3dm.js
npm notice 142.4kB examples/jsm/libs/rhino3dm/rhino3dm.module.js
npm notice 2.5MB examples/jsm/libs/rhino3dm/rhino3dm.wasm
npm notice 3.5kB examples/jsm/libs/stats.module.js
npm notice 5.5kB examples/jsm/libs/surfaceNet.js
npm notice 32.3kB examples/jsm/libs/tween.module.js
npm notice 100.8kB examples/jsm/libs/utif.module.js
npm notice 39.8kB examples/jsm/libs/zstddec.module.js
npm notice 1.0kB examples/jsm/lighting/TiledLighting.js
npm notice 7.7kB examples/jsm/lights/LightProbeGenerator.js
npm notice 314.8kB examples/jsm/lights/RectAreaLightTexturesLib.js
npm notice 1.0kB examples/jsm/lights/RectAreaLightUniformsLib.js
npm notice 1.5kB examples/jsm/lines/Line2.js
npm notice 3.5kB examples/jsm/lines/LineGeometry.js
npm notice 13.2kB examples/jsm/lines/LineMaterial.js
npm notice 11.3kB examples/jsm/lines/LineSegments2.js
npm notice 6.9kB examples/jsm/lines/LineSegmentsGeometry.js
npm notice 1.2kB examples/jsm/lines/webgpu/Line2.js
npm notice 10.8kB examples/jsm/lines/webgpu/LineSegments2.js
npm notice 2.5kB examples/jsm/lines/webgpu/Wireframe.js
npm notice 3.0kB examples/jsm/lines/Wireframe.js
npm notice 1.1kB examples/jsm/lines/WireframeGeometry2.js
npm notice 40.1kB examples/jsm/loaders/3DMLoader.js
npm notice 38.7kB examples/jsm/loaders/3MFLoader.js
npm notice 11.4kB examples/jsm/loaders/AMFLoader.js
npm notice 10.6kB examples/jsm/loaders/BVHLoader.js
npm notice 85.5kB examples/jsm/loaders/ColladaLoader.js
npm notice 9.1kB examples/jsm/loaders/DDSLoader.js
npm notice 16.8kB examples/jsm/loaders/DRACOLoader.js
npm notice 66.7kB examples/jsm/loaders/EXRLoader.js
npm notice 104.9kB examples/jsm/loaders/FBXLoader.js
npm notice 5.0kB examples/jsm/loaders/FontLoader.js
npm notice 6.4kB examples/jsm/loaders/GCodeLoader.js
npm notice 114.7kB examples/jsm/loaders/GLTFLoader.js
npm notice 3.7kB examples/jsm/loaders/HDRCubeTextureLoader.js
npm notice 12.5kB examples/jsm/loaders/HDRLoader.js
npm notice 8.4kB examples/jsm/loaders/IESLoader.js
npm notice 3.3kB examples/jsm/loaders/KMZLoader.js
npm notice 34.6kB examples/jsm/loaders/KTX2Loader.js
npm notice 7.2kB examples/jsm/loaders/KTXLoader.js
npm notice 61.0kB examples/jsm/loaders/LDrawLoader.js
npm notice 3.5kB examples/jsm/loaders/LottieLoader.js
npm notice 5.1kB examples/jsm/loaders/LUT3dlLoader.js
npm notice 4.6kB examples/jsm/loaders/LUTCubeLoader.js
npm notice 4.2kB examples/jsm/loaders/LUTImageLoader.js
npm notice 26.7kB examples/jsm/loaders/lwo/IFFParser.js
npm notice 10.1kB examples/jsm/loaders/lwo/LWO2Parser.js
npm notice 9.3kB examples/jsm/loaders/lwo/LWO3Parser.js
npm notice 24.7kB examples/jsm/loaders/LWOLoader.js
npm notice 25.7kB examples/jsm/loaders/MaterialXLoader.js
npm notice 13.6kB examples/jsm/loaders/MD2Loader.js
npm notice 3.9kB examples/jsm/loaders/MDDLoader.js
npm notice 11.4kB examples/jsm/loaders/MTLLoader.js
npm notice 14.6kB examples/jsm/loaders/NRRDLoader.js
npm notice 22.9kB examples/jsm/loaders/OBJLoader.js
npm notice 16.3kB examples/jsm/loaders/PCDLoader.js
npm notice 8.3kB examples/jsm/loaders/PDBLoader.js
npm notice 17.7kB examples/jsm/loaders/PLYLoader.js
npm notice 5.4kB examples/jsm/loaders/PVRLoader.js
npm notice 268B examples/jsm/loaders/RGBELoader.js
npm notice 10.7kB examples/jsm/loaders/STLLoader.js
npm notice 72.7kB examples/jsm/loaders/SVGLoader.js
npm notice 25.2kB examples/jsm/loaders/TDSLoader.js
npm notice 11.8kB examples/jsm/loaders/TGALoader.js
npm notice 1.2kB examples/jsm/loaders/TIFFLoader.js
npm notice 5.6kB examples/jsm/loaders/TTFLoader.js
npm notice 15.0kB examples/jsm/loaders/UltraHDRLoader.js
npm notice 16.0kB examples/jsm/loaders/usd/USDAParser.js
npm notice 137B examples/jsm/loaders/usd/USDCParser.js
npm notice 4.5kB examples/jsm/loaders/USDLoader.js
npm notice 266B examples/jsm/loaders/USDZLoader.js
npm notice 10.5kB examples/jsm/loaders/VOXLoader.js
npm notice 74.4kB examples/jsm/loaders/VRMLLoader.js
npm notice 30.4kB examples/jsm/loaders/VTKLoader.js
npm notice 3.3kB examples/jsm/loaders/XYZLoader.js
npm notice 4.5kB examples/jsm/materials/LDrawConditionalLineMaterial.js
npm notice 4.0kB examples/jsm/materials/LDrawConditionalLineNodeMaterial.js
npm notice 10.1kB examples/jsm/materials/MeshGouraudMaterial.js
npm notice 4.8kB examples/jsm/materials/MeshPostProcessingMaterial.js
npm notice 19.4kB examples/jsm/materials/WoodNodeMaterial.js
npm notice 3.5kB examples/jsm/math/Capsule.js
npm notice 1.5kB examples/jsm/math/ColorConverter.js
npm notice 4.3kB examples/jsm/math/ColorSpaces.js
npm notice 33.0kB examples/jsm/math/ConvexHull.js
npm notice 3.0kB examples/jsm/math/ImprovedNoise.js
npm notice 6.7kB examples/jsm/math/Lut.js
npm notice 8.2kB examples/jsm/math/MeshSurfaceSampler.js
npm notice 13.9kB examples/jsm/math/OBB.js
npm notice 14.9kB examples/jsm/math/Octree.js
npm notice 15.2kB examples/jsm/math/SimplexNoise.js
npm notice 14.9kB examples/jsm/misc/ConvexObjectBreaker.js
npm notice 14.1kB examples/jsm/misc/GPUComputationRenderer.js
npm notice 1.6kB examples/jsm/misc/Gyroscope.js
npm notice 7.4kB examples/jsm/misc/MD2Character.js
npm notice 15.3kB examples/jsm/misc/MD2CharacterComplex.js
npm notice 2.3kB examples/jsm/misc/MorphAnimMesh.js
npm notice 8.1kB examples/jsm/misc/MorphBlendMesh.js
npm notice 11.9kB examples/jsm/misc/ProgressiveLightMap.js
npm notice 9.9kB examples/jsm/misc/ProgressiveLightMapGPU.js
npm notice 15.5kB examples/jsm/misc/RollerCoaster.js
npm notice 5.8kB examples/jsm/misc/TubePainter.js
npm notice 13.3kB examples/jsm/misc/Volume.js
npm notice 6.5kB examples/jsm/misc/VolumeSlice.js
npm notice 10.5kB examples/jsm/modifiers/CurveModifier.js
npm notice 7.3kB examples/jsm/modifiers/CurveModifierGPU.js
npm notice 6.1kB examples/jsm/modifiers/EdgeSplitModifier.js
npm notice 12.9kB examples/jsm/modifiers/SimplifyModifier.js
npm notice 7.1kB examples/jsm/modifiers/TessellateModifier.js
npm notice 2.0kB examples/jsm/objects/GroundedSkybox.js
npm notice 11.1kB examples/jsm/objects/Lensflare.js
npm notice 9.7kB examples/jsm/objects/LensflareMesh.js
npm notice 40.4kB examples/jsm/objects/MarchingCubes.js
npm notice 9.5kB examples/jsm/objects/Reflector.js
npm notice 12.0kB examples/jsm/objects/ReflectorForSSRPass.js
npm notice 10.2kB examples/jsm/objects/Refractor.js
npm notice 3.3kB examples/jsm/objects/ShadowMesh.js
npm notice 7.3kB examples/jsm/objects/Sky.js
npm notice 7.6kB examples/jsm/objects/SkyMesh.js
npm notice 12.9kB examples/jsm/objects/Water.js
npm notice 10.4kB examples/jsm/objects/Water2.js
npm notice 5.9kB examples/jsm/objects/Water2Mesh.js
npm notice 6.0kB examples/jsm/objects/WaterMesh.js
npm notice 645B examples/jsm/offscreen/jank.js
npm notice 188B examples/jsm/offscreen/offscreen.js
npm notice 2.1kB examples/jsm/offscreen/scene.js
npm notice 8.5kB examples/jsm/physics/AmmoPhysics.js
npm notice 8.4kB examples/jsm/physics/JoltPhysics.js
npm notice 10.6kB examples/jsm/physics/RapierPhysics.js
npm notice 4.3kB examples/jsm/postprocessing/AfterimagePass.js
npm notice 6.4kB examples/jsm/postprocessing/BloomPass.js
npm notice 5.5kB examples/jsm/postprocessing/BokehPass.js
npm notice 2.2kB examples/jsm/postprocessing/ClearPass.js
npm notice 3.5kB examples/jsm/postprocessing/CubeTexturePass.js
npm notice 2.9kB examples/jsm/postprocessing/DotScreenPass.js
npm notice 8.5kB examples/jsm/postprocessing/EffectComposer.js
npm notice 2.7kB examples/jsm/postprocessing/FilmPass.js
npm notice 738B examples/jsm/postprocessing/FXAAPass.js
npm notice 4.3kB examples/jsm/postprocessing/GlitchPass.js
npm notice 19.9kB examples/jsm/postprocessing/GTAOPass.js
npm notice 2.9kB examples/jsm/postprocessing/HalftonePass.js
npm notice 2.2kB examples/jsm/postprocessing/LUTPass.js
npm notice 4.7kB examples/jsm/postprocessing/MaskPass.js
npm notice 23.2kB examples/jsm/postprocessing/OutlinePass.js
npm notice 4.0kB examples/jsm/postprocessing/OutputPass.js
npm notice 4.2kB examples/jsm/postprocessing/Pass.js
npm notice 4.1kB examples/jsm/postprocessing/RenderPass.js
npm notice 8.2kB examples/jsm/postprocessing/RenderPixelatedPass.js
npm notice 5.8kB examples/jsm/postprocessing/RenderTransitionPass.js
npm notice 13.1kB examples/jsm/postprocessing/SAOPass.js
npm notice 3.0kB examples/jsm/postprocessing/SavePass.js
npm notice 3.2kB examples/jsm/postprocessing/ShaderPass.js
npm notice 50.4kB examples/jsm/postprocessing/SMAAPass.js
npm notice 8.2kB examples/jsm/postprocessing/SSAARenderPass.js
npm notice 13.4kB examples/jsm/postprocessing/SSAOPass.js
npm notice 23.3kB examples/jsm/postprocessing/SSRPass.js
npm notice 6.5kB examples/jsm/postprocessing/TAARenderPass.js
npm notice 2.9kB examples/jsm/postprocessing/TexturePass.js
npm notice 14.4kB examples/jsm/postprocessing/UnrealBloomPass.js
npm notice 7.0kB examples/jsm/renderers/CSS2DRenderer.js
npm notice 11.1kB examples/jsm/renderers/CSS3DRenderer.js
npm notice 20.3kB examples/jsm/renderers/Projector.js
npm notice 15.8kB examples/jsm/renderers/SVGRenderer.js
npm notice 2.1kB examples/jsm/shaders/ACESFilmicToneMappingShader.js
npm notice 1.1kB examples/jsm/shaders/AfterimageShader.js
npm notice 523B examples/jsm/shaders/BasicShader.js
npm notice 1.4kB examples/jsm/shaders/BleachBypassShader.js
npm notice 920B examples/jsm/shaders/BlendShader.js
npm notice 5.9kB examples/jsm/shaders/BokehShader.js
npm notice 9.9kB examples/jsm/shaders/BokehShader2.js
npm notice 1.3kB examples/jsm/shaders/BrightnessContrastShader.js
npm notice 1.0kB examples/jsm/shaders/ColorCorrectionShader.js
npm notice 834B examples/jsm/shaders/ColorifyShader.js
npm notice 1.3kB examples/jsm/shaders/ConvolutionShader.js
npm notice 729B examples/jsm/shaders/CopyShader.js
npm notice 4.0kB examples/jsm/shaders/DepthLimitedBlurShader.js
npm notice 2.5kB examples/jsm/shaders/DigitalGlitch.js
npm notice 1.1kB examples/jsm/shaders/DOFMipMapShader.js
npm notice 1.4kB examples/jsm/shaders/DotScreenShader.js
npm notice 729B examples/jsm/shaders/ExposureShader.js
npm notice 1.1kB examples/jsm/shaders/FilmShader.js
npm notice 2.5kB examples/jsm/shaders/FocusShader.js
npm notice 3.2kB examples/jsm/shaders/FreiChenShader.js
npm notice 6.8kB examples/jsm/shaders/FXAAShader.js
npm notice 818B examples/jsm/shaders/GammaCorrectionShader.js
npm notice 7.1kB examples/jsm/shaders/GodRaysShader.js
npm notice 11.9kB examples/jsm/shaders/GTAOShader.js
npm notice 8.8kB examples/jsm/shaders/HalftoneShader.js
npm notice 1.7kB examples/jsm/shaders/HorizontalBlurShader.js
npm notice 1.8kB examples/jsm/shaders/HorizontalTiltShiftShader.js
npm notice 1.7kB examples/jsm/shaders/HueSaturationShader.js
npm notice 1.2kB examples/jsm/shaders/KaleidoShader.js
npm notice 1.3kB examples/jsm/shaders/LuminosityHighPassShader.js
npm notice 768B examples/jsm/shaders/LuminosityShader.js
npm notice 1.1kB examples/jsm/shaders/MirrorShader.js
npm notice 1.2kB examples/jsm/shaders/NormalMapShader.js
npm notice 1.9kB examples/jsm/shaders/OutputShader.js
npm notice 6.9kB examples/jsm/shaders/PoissonDenoiseShader.js
npm notice 1.3kB examples/jsm/shaders/RGBShiftShader.js
npm notice 5.1kB examples/jsm/shaders/SAOShader.js
npm notice 1.1kB examples/jsm/shaders/SepiaShader.js
npm notice 15.0kB examples/jsm/shaders/SMAAShader.js
npm notice 2.5kB examples/jsm/shaders/SobelOperatorShader.js
npm notice 6.8kB examples/jsm/shaders/SSAOShader.js
npm notice 9.9kB examples/jsm/shaders/SSRShader.js
npm notice 3.3kB examples/jsm/shaders/SubsurfaceScatteringShader.js
npm notice 1.0kB examples/jsm/shaders/TechnicolorShader.js
npm notice 7.1kB examples/jsm/shaders/ToonShader.js
npm notice 1.5kB examples/jsm/shaders/TriangleBlurShader.js
npm notice 1.0kB examples/jsm/shaders/UnpackDepthRGBAShader.js
npm notice 3.2kB examples/jsm/shaders/VelocityShader.js
npm notice 1.6kB examples/jsm/shaders/VerticalBlurShader.js
npm notice 1.8kB examples/jsm/shaders/VerticalTiltShiftShader.js
npm notice 1.1kB examples/jsm/shaders/VignetteShader.js
npm notice 9.9kB examples/jsm/shaders/VolumeShader.js
npm notice 2.0kB examples/jsm/shaders/WaterRefractionShader.js
npm notice 1.4kB examples/jsm/textures/FlakesTexture.js
npm notice 7.3kB examples/jsm/transpiler/AST.js
npm notice 22.2kB examples/jsm/transpiler/GLSLDecoder.js
npm notice 5.1kB examples/jsm/transpiler/Linker.js
npm notice 1.0kB examples/jsm/transpiler/ShaderToyDecoder.js
npm notice 1.6kB examples/jsm/transpiler/Transpiler.js
npm notice 608B examples/jsm/transpiler/TranspilerUtils.js
npm notice 17.5kB examples/jsm/transpiler/TSLEncoder.js
npm notice 18.2kB examples/jsm/transpiler/WGSLEncoder.js
npm notice 6.0kB examples/jsm/tsl/display/AfterImageNode.js
npm notice 2.7kB examples/jsm/tsl/display/AnaglyphPassNode.js
npm notice 7.0kB examples/jsm/tsl/display/AnamorphicNode.js
npm notice 987B examples/jsm/tsl/display/BleachBypass.js
npm notice 14.8kB examples/jsm/tsl/display/BloomNode.js
npm notice 2.7kB examples/jsm/tsl/display/boxBlur.js
npm notice 5.8kB examples/jsm/tsl/display/ChromaticAberrationNode.js
npm notice 9.8kB examples/jsm/tsl/display/DenoiseNode.js
npm notice 14.7kB examples/jsm/tsl/display/DepthOfFieldNode.js
npm notice 2.6kB examples/jsm/tsl/display/DotScreenNode.js
npm notice 2.3kB examples/jsm/tsl/display/FilmNode.js
npm notice 9.5kB examples/jsm/tsl/display/FXAANode.js
npm notice 10.3kB examples/jsm/tsl/display/GaussianBlurNode.js
npm notice 15.4kB examples/jsm/tsl/display/GTAONode.js
npm notice 2.3kB examples/jsm/tsl/display/hashBlur.js
npm notice 8.2kB examples/jsm/tsl/display/LensflareNode.js
npm notice 2.7kB examples/jsm/tsl/display/Lut3DNode.js
npm notice 1.1kB examples/jsm/tsl/display/MotionBlur.js
npm notice 19.8kB examples/jsm/tsl/display/OutlineNode.js
npm notice 2.1kB examples/jsm/tsl/display/ParallaxBarrierPassNode.js
npm notice 9.3kB examples/jsm/tsl/display/PixelationPassNode.js
npm notice 2.5kB examples/jsm/tsl/display/RGBShiftNode.js
npm notice 572B examples/jsm/tsl/display/Sepia.js
npm notice 68.0kB examples/jsm/tsl/display/SMAANode.js
npm notice 4.6kB examples/jsm/tsl/display/SobelOperatorNode.js
npm notice 8.7kB examples/jsm/tsl/display/SSAAPassNode.js
npm notice 20.2kB examples/jsm/tsl/display/SSRNode.js
npm notice 4.3kB examples/jsm/tsl/display/StereoCompositePassNode.js
npm notice 3.0kB examples/jsm/tsl/display/StereoPassNode.js
npm notice 12.7kB examples/jsm/tsl/display/TRAANode.js
npm notice 4.3kB examples/jsm/tsl/display/TransitionNode.js
npm notice 10.2kB examples/jsm/tsl/lighting/TiledLightsNode.js
npm notice 3.8kB examples/jsm/tsl/math/Bayer.js
npm notice 12.4kB examples/jsm/tsl/shadows/TileShadowNode.js
npm notice 5.3kB examples/jsm/tsl/shadows/TileShadowNodeHelper.js
npm notice 2.0kB examples/jsm/tsl/utils/Raymarching.js
npm notice 35.5kB examples/jsm/utils/BufferGeometryUtils.js
npm notice 3.2kB examples/jsm/utils/CameraUtils.js
npm notice 13.0kB examples/jsm/utils/GeometryCompressionUtils.js
npm notice 5.6kB examples/jsm/utils/GeometryUtils.js
npm notice 6.1kB examples/jsm/utils/LDrawUtils.js
npm notice 10.3kB examples/jsm/utils/SceneOptimizer.js
npm notice 8.6kB examples/jsm/utils/SceneUtils.js
npm notice 5.9kB examples/jsm/utils/ShadowMapViewer.js
npm notice 6.0kB examples/jsm/utils/ShadowMapViewerGPU.js
npm notice 11.1kB examples/jsm/utils/SkeletonUtils.js
npm notice 3.4kB examples/jsm/utils/SortUtils.js
npm notice 3.4kB examples/jsm/utils/UVsDebug.js
npm notice 3.1kB examples/jsm/utils/WebGLTextureUtils.js
npm notice 2.3kB examples/jsm/utils/WebGPUTextureUtils.js
npm notice 3.1kB examples/jsm/utils/WorkerPool.js
npm notice 5.5kB examples/jsm/webxr/ARButton.js
npm notice 3.8kB examples/jsm/webxr/OculusHandModel.js
npm notice 13.5kB examples/jsm/webxr/OculusHandPointerModel.js
npm notice 1.5kB examples/jsm/webxr/Text2D.js
npm notice 5.9kB examples/jsm/webxr/VRButton.js
npm notice 5.0kB examples/jsm/webxr/XRButton.js
npm notice 10.0kB examples/jsm/webxr/XRControllerModelFactory.js
npm notice 6.1kB examples/jsm/webxr/XREstimatedLight.js
npm notice 3.6kB examples/jsm/webxr/XRHandMeshModel.js
npm notice 4.3kB examples/jsm/webxr/XRHandModelFactory.js
npm notice 3.5kB examples/jsm/webxr/XRHandPrimitiveModel.js
npm notice 2.5kB examples/jsm/webxr/XRPlanes.js
npm notice 4.6kB package.json
npm notice 19.6kB src/animation/AnimationAction.js
npm notice 14.7kB src/animation/AnimationClip.js
npm notice 19.5kB src/animation/AnimationMixer.js
npm notice 10.0kB src/animation/AnimationObjectGroup.js
npm notice 12.4kB src/animation/AnimationUtils.js
npm notice 12.5kB src/animation/KeyframeTrack.js
npm notice 18.3kB src/animation/PropertyBinding.js
npm notice 7.9kB src/animation/PropertyMixer.js
npm notice 1.4kB src/animation/tracks/BooleanKeyframeTrack.js
npm notice 865B src/animation/tracks/ColorKeyframeTrack.js
npm notice 873B src/animation/tracks/NumberKeyframeTrack.js
npm notice 1.4kB src/animation/tracks/QuaternionKeyframeTrack.js
npm notice 1.4kB src/animation/tracks/StringKeyframeTrack.js
npm notice 872B src/animation/tracks/VectorKeyframeTrack.js
npm notice 15.3kB src/audio/Audio.js
npm notice 2.3kB src/audio/AudioAnalyser.js
npm notice 617B src/audio/AudioContext.js
npm notice 4.9kB src/audio/AudioListener.js
npm notice 6.1kB src/audio/PositionalAudio.js
npm notice 1.2kB src/cameras/ArrayCamera.js
npm notice 2.6kB src/cameras/Camera.js
npm notice 6.4kB src/cameras/CubeCamera.js
npm notice 5.8kB src/cameras/OrthographicCamera.js
npm notice 10.7kB src/cameras/PerspectiveCamera.js
npm notice 4.0kB src/cameras/StereoCamera.js
npm notice 31.6kB src/constants.js
npm notice 24.6kB src/core/BufferAttribute.js
npm notice 33.1kB src/core/BufferGeometry.js
npm notice 2.0kB src/core/Clock.js
npm notice 2.7kB src/core/EventDispatcher.js
npm notice 4.0kB src/core/GLBufferAttribute.js
npm notice 1.5kB src/core/InstancedBufferAttribute.js
npm notice 870B src/core/InstancedBufferGeometry.js
npm notice 1.5kB src/core/InstancedInterleavedBuffer.js
npm notice 7.2kB src/core/InterleavedBuffer.js
npm notice 12.8kB src/core/InterleavedBufferAttribute.js
npm notice 2.3kB src/core/Layers.js
npm notice 38.8kB src/core/Object3D.js
npm notice 8.2kB src/core/Raycaster.js
npm notice 10.1kB src/core/RenderTarget.js
npm notice 1.1kB src/core/RenderTarget3D.js
npm notice 4.0kB src/core/Timer.js
npm notice 976B src/core/Uniform.js
npm notice 3.6kB src/core/UniformsGroup.js
npm notice 2.7kB src/extras/Controls.js
npm notice 12.4kB src/extras/core/Curve.js
npm notice 5.7kB src/extras/core/CurvePath.js
npm notice 2.3kB src/extras/core/Interpolations.js
npm notice 9.3kB src/extras/core/Path.js
npm notice 3.3kB src/extras/core/Shape.js
npm notice 8.4kB src/extras/core/ShapePath.js
npm notice 1.1kB src/extras/curves/ArcCurve.js
npm notice 7.3kB src/extras/curves/CatmullRomCurve3.js
npm notice 2.8kB src/extras/curves/CubicBezierCurve.js
npm notice 2.4kB src/extras/curves/CubicBezierCurve3.js
npm notice 540B src/extras/curves/Curves.js
npm notice 5.5kB src/extras/curves/EllipseCurve.js
npm notice 2.1kB src/extras/curves/LineCurve.js
npm notice 2.1kB src/extras/curves/LineCurve3.js
npm notice 2.5kB src/extras/curves/QuadraticBezierCurve.js
npm notice 2.1kB src/extras/curves/QuadraticBezierCurve3.js
npm notice 3.0kB src/extras/curves/SplineCurve.js
npm notice 4.5kB src/extras/DataUtils.js
npm notice 654B src/extras/Earcut.js
npm notice 2.9kB src/extras/ImageUtils.js
npm notice 21.4kB src/extras/lib/earcut.js
npm notice 24.4kB src/extras/PMREMGenerator.js
npm notice 2.3kB src/extras/ShapeUtils.js
npm notice 10.3kB src/extras/TextureUtils.js
npm notice 5.9kB src/geometries/BoxGeometry.js
npm notice 5.7kB src/geometries/CapsuleGeometry.js
npm notice 3.5kB src/geometries/CircleGeometry.js
npm notice 2.2kB src/geometries/ConeGeometry.js
npm notice 7.5kB src/geometries/CylinderGeometry.js
npm notice 2.4kB src/geometries/DodecahedronGeometry.js
npm notice 5.0kB src/geometries/EdgesGeometry.js
npm notice 21.5kB src/geometries/ExtrudeGeometry.js
npm notice 797B src/geometries/Geometries.js
npm notice 1.9kB src/geometries/IcosahedronGeometry.js
npm notice 5.3kB src/geometries/LatheGeometry.js
npm notice 1.6kB src/geometries/OctahedronGeometry.js
npm notice 3.1kB src/geometries/PlaneGeometry.js
npm notice 7.5kB src/geometries/PolyhedronGeometry.js
npm notice 4.1kB src/geometries/RingGeometry.js
npm notice 4.8kB src/geometries/ShapeGeometry.js
npm notice 4.5kB src/geometries/SphereGeometry.js
npm notice 1.6kB src/geometries/TetrahedronGeometry.js
npm notice 3.8kB src/geometries/TorusGeometry.js
npm notice 5.7kB src/geometries/TorusKnotGeometry.js
npm notice 5.9kB src/geometries/TubeGeometry.js
npm notice 3.8kB src/geometries/WireframeGeometry.js
npm notice 4.4kB src/helpers/ArrowHelper.js
npm notice 2.3kB src/helpers/AxesHelper.js
npm notice 2.0kB src/helpers/Box3Helper.js
npm notice 3.8kB src/helpers/BoxHelper.js
npm notice 10.2kB src/helpers/CameraHelper.js
npm notice 3.7kB src/helpers/DirectionalLightHelper.js
npm notice 2.3kB src/helpers/GridHelper.js
npm notice 3.2kB src/helpers/HemisphereLightHelper.js
npm notice 2.5kB src/helpers/PlaneHelper.js
npm notice 3.0kB src/helpers/PointLightHelper.js
npm notice 3.3kB src/helpers/PolarGridHelper.js
npm notice 4.3kB src/helpers/SkeletonHelper.js
npm notice 3.4kB src/helpers/SpotLightHelper.js
npm notice 828B src/lights/AmbientLight.js
npm notice 2.7kB src/lights/DirectionalLight.js
npm notice 609B src/lights/DirectionalLightShadow.js
npm notice 1.4kB src/lights/HemisphereLight.js
npm notice 2.0kB src/lights/Light.js
npm notice 2.3kB src/lights/LightProbe.js
npm notice 8.0kB src/lights/LightShadow.js
npm notice 2.8kB src/lights/PointLight.js
npm notice 3.1kB src/lights/PointLightShadow.js
npm notice 2.6kB src/lights/RectAreaLight.js
npm notice 4.6kB src/lights/SpotLight.js
npm notice 1.5kB src/lights/SpotLightShadow.js
npm notice 1.2kB src/lights/webgpu/IESSpotLight.js
npm notice 1.3kB src/lights/webgpu/ProjectorLight.js
npm notice 2.1kB src/loaders/AnimationLoader.js
npm notice 2.2kB src/loaders/AudioLoader.js
npm notice 6.4kB src/loaders/BufferGeometryLoader.js
npm notice 1.6kB src/loaders/Cache.js
npm notice 4.3kB src/loaders/CompressedTextureLoader.js
npm notice 3.1kB src/loaders/CubeTextureLoader.js
npm notice 4.7kB src/loaders/DataTextureLoader.js
npm notice 7.9kB src/loaders/FileLoader.js
npm notice 5.4kB src/loaders/ImageBitmapLoader.js
npm notice 3.6kB src/loaders/ImageLoader.js
npm notice 5.0kB src/loaders/Loader.js
npm notice 1.3kB src/loaders/LoaderUtils.js
npm notice 7.0kB src/loaders/LoadingManager.js
npm notice 16.7kB src/loaders/MaterialLoader.js
npm notice 3.9kB src/loaders/nodes/NodeLoader.js
npm notice 2.1kB src/loaders/nodes/NodeMaterialLoader.js
npm notice 3.2kB src/loaders/nodes/NodeObjectLoader.js
npm notice 30.1kB src/loaders/ObjectLoader.js
npm notice 2.1kB src/loaders/TextureLoader.js
npm notice 2.4kB src/materials/LineBasicMaterial.js
npm notice 1.6kB src/materials/LineDashedMaterial.js
npm notice 31.7kB src/materials/Material.js
npm notice 1.4kB src/materials/Materials.js
npm notice 5.8kB src/materials/MeshBasicMaterial.js
npm notice 3.9kB src/materials/MeshDepthMaterial.js
npm notice 3.4kB src/materials/MeshDistanceMaterial.js
npm notice 10.3kB src/materials/MeshLambertMaterial.js
npm notice 5.9kB src/materials/MeshMatcapMaterial.js
npm notice 4.4kB src/materials/MeshNormalMaterial.js
npm notice 10.8kB src/materials/MeshPhongMaterial.js
npm notice 13.2kB src/materials/MeshPhysicalMaterial.js
npm notice 11.8kB src/materials/MeshStandardMaterial.js
npm notice 8.1kB src/materials/MeshToonMaterial.js
npm notice 13.8kB src/materials/nodes/Line2NodeMaterial.js
npm notice 823B src/materials/nodes/LineBasicNodeMaterial.js
npm notice 3.8kB src/materials/nodes/LineDashedNodeMaterial.js
npm notice 12.7kB src/materials/nodes/manager/NodeMaterialObserver.js
npm notice 3.2kB src/materials/nodes/MeshBasicNodeMaterial.js
npm notice 1.8kB src/materials/nodes/MeshLambertNodeMaterial.js
npm notice 1.6kB src/materials/nodes/MeshMatcapNodeMaterial.js
npm notice 1.7kB src/materials/nodes/MeshNormalNodeMaterial.js
npm notice 3.4kB src/materials/nodes/MeshPhongNodeMaterial.js
npm notice 16.4kB src/materials/nodes/MeshPhysicalNodeMaterial.js
npm notice 5.0kB src/materials/nodes/MeshSSSNodeMaterial.js
npm notice 4.8kB src/materials/nodes/MeshStandardNodeMaterial.js
npm notice 1.2kB src/materials/nodes/MeshToonNodeMaterial.js
npm notice 31.0kB src/materials/nodes/NodeMaterial.js
npm notice 1.5kB src/materials/nodes/NodeMaterials.js
npm notice 4.6kB src/materials/nodes/PointsNodeMaterial.js
npm notice 1.4kB src/materials/nodes/ShadowNodeMaterial.js
npm notice 4.6kB src/materials/nodes/SpriteNodeMaterial.js
npm notice 1.4kB src/materials/nodes/VolumeNodeMaterial.js
npm notice 3.4kB src/materials/PointsMaterial.js
npm notice 1.0kB src/materials/RawShaderMaterial.js
npm notice 9.7kB src/materials/ShaderMaterial.js
npm notice 1.8kB src/materials/ShadowMaterial.js
npm notice 3.0kB src/materials/SpriteMaterial.js
npm notice 9.5kB src/math/Box2.js
npm notice 21.2kB src/math/Box3.js
npm notice 25.9kB src/math/Color.js
npm notice 5.7kB src/math/ColorManagement.js
npm notice 2.6kB src/math/Cylindrical.js
npm notice 9.3kB src/math/Euler.js
npm notice 7.6kB src/math/Frustum.js
npm notice 5.8kB src/math/FrustumArray.js
npm notice 6.1kB src/math/Interpolant.js
npm notice 3.3kB src/math/interpolants/CubicInterpolant.js
npm notice 831B src/math/interpolants/DiscreteInterpolant.js
npm notice 1.1kB src/math/interpolants/LinearInterpolant.js
npm notice 1.1kB src/math/interpolants/QuaternionLinearInterpolant.js
npm notice 7.9kB src/math/Line3.js
npm notice 21.8kB src/math/MathUtils.js
npm notice 3.0kB src/math/Matrix2.js
npm notice 13.9kB src/math/Matrix3.js
npm notice 34.4kB src/math/Matrix4.js
npm notice 9.1kB src/math/Plane.js
npm notice 21.7kB src/math/Quaternion.js
npm notice 15.9kB src/math/Ray.js
npm notice 8.8kB src/math/Sphere.js
npm notice 3.1kB src/math/Spherical.js
npm notice 7.9kB src/math/SphericalHarmonics3.js
npm notice 15.2kB src/math/Triangle.js
npm notice 18.2kB src/math/Vector2.js
npm notice 28.2kB src/math/Vector3.js
npm notice 22.9kB src/math/Vector4.js
npm notice 1.6kB src/nodes/accessors/AccessorsUtils.js
npm notice 1.9kB src/nodes/accessors/Arrays.js
npm notice 3.9kB src/nodes/accessors/BatchNode.js
npm notice 2.6kB src/nodes/accessors/Bitangent.js
npm notice 9.0kB src/nodes/accessors/BufferAttributeNode.js
npm notice 2.4kB src/nodes/accessors/BufferNode.js
npm notice 1.2kB src/nodes/accessors/BuiltinNode.js
npm notice 8.0kB src/nodes/accessors/Camera.js
npm notice 6.6kB src/nodes/accessors/ClippingNode.js
npm notice 5.0kB src/nodes/accessors/CubeTextureNode.js
npm notice 1.1kB src/nodes/accessors/InstancedMeshNode.js
npm notice 6.1kB src/nodes/accessors/InstanceNode.js
npm notice 3.6kB src/nodes/accessors/Lights.js
npm notice 21.2kB src/nodes/accessors/MaterialNode.js
npm notice 1.8kB src/nodes/accessors/MaterialProperties.js
npm notice 2.5kB src/nodes/accessors/MaterialReferenceNode.js
npm notice 4.8kB src/nodes/accessors/ModelNode.js
npm notice 407B src/nodes/accessors/ModelViewProjectionNode.js
npm notice 8.0kB src/nodes/accessors/MorphNode.js
npm notice 6.3kB src/nodes/accessors/Normal.js
npm notice 7.0kB src/nodes/accessors/Object3DNode.js
npm notice 973B src/nodes/accessors/PointUVNode.js
npm notice 2.3kB src/nodes/accessors/Position.js
npm notice 8.2kB src/nodes/accessors/ReferenceBaseNode.js
npm notice 9.6kB src/nodes/accessors/ReferenceNode.js
npm notice 1.0kB src/nodes/accessors/ReflectVector.js
npm notice 2.4kB src/nodes/accessors/RendererReferenceNode.js
npm notice 3.7kB src/nodes/accessors/SceneNode.js
npm notice 9.2kB src/nodes/accessors/SkinningNode.js
npm notice 9.4kB src/nodes/accessors/StorageBufferNode.js
npm notice 5.4kB src/nodes/accessors/StorageTextureNode.js
npm notice 1.8kB src/nodes/accessors/Tangent.js
npm notice 1.4kB src/nodes/accessors/TangentUtils.js
npm notice 4.5kB src/nodes/accessors/Texture3DNode.js
npm notice 3.3kB src/nodes/accessors/TextureBicubic.js
npm notice 22.1kB src/nodes/accessors/TextureNode.js
npm notice 1.9kB src/nodes/accessors/TextureSizeNode.js
npm notice 7.8kB src/nodes/accessors/UniformArrayNode.js
npm notice 2.4kB src/nodes/accessors/UserDataNode.js
npm notice 351B src/nodes/accessors/UV.js
npm notice 5.7kB src/nodes/accessors/VelocityNode.js
npm notice 2.0kB src/nodes/accessors/VertexColorNode.js
npm notice 3.5kB src/nodes/code/CodeNode.js
npm notice 1.3kB src/nodes/code/ExpressionNode.js
npm notice 4.0kB src/nodes/code/FunctionCallNode.js
npm notice 4.0kB src/nodes/code/FunctionNode.js
npm notice 13.5kB src/nodes/code/ScriptableNode.js
npm notice 4.9kB src/nodes/code/ScriptableValueNode.js
npm notice 3.0kB src/nodes/core/ArrayNode.js
npm notice 4.4kB src/nodes/core/AssignNode.js
npm notice 3.4kB src/nodes/core/AttributeNode.js
npm notice 1.7kB src/nodes/core/BypassNode.js
npm notice 2.0kB src/nodes/core/CacheNode.js
npm notice 2.1kB src/nodes/core/constants.js
npm notice 1.4kB src/nodes/core/ConstNode.js
npm notice 4.3kB src/nodes/core/ContextNode.js
npm notice 3.9kB src/nodes/core/IndexNode.js
npm notice 3.0kB src/nodes/core/InputNode.js
npm notice 2.0kB src/nodes/core/LightingModel.js
npm notice 2.9kB src/nodes/core/MRTNode.js
npm notice 21.3kB src/nodes/core/Node.js
npm notice 1.1kB src/nodes/core/NodeAttribute.js
npm notice 67.2kB src/nodes/core/NodeBuilder.js
npm notice 1.2kB src/nodes/core/NodeCache.js
npm notice 925B src/nodes/core/NodeCode.js
npm notice 6.2kB src/nodes/core/NodeFrame.js
npm notice 1.4kB src/nodes/core/NodeFunction.js
npm notice 1.3kB src/nodes/core/NodeFunctionInput.js
npm notice 447B src/nodes/core/NodeParser.js
npm notice 1.4kB src/nodes/core/NodeUniform.js
npm notice 10.7kB src/nodes/core/NodeUtils.js
npm notice 1.2kB src/nodes/core/NodeVar.js
npm notice 1.6kB src/nodes/core/NodeVarying.js
npm notice 2.1kB src/nodes/core/OutputStructNode.js
npm notice 1.1kB src/nodes/core/ParameterNode.js
npm notice 8.4kB src/nodes/core/PropertyNode.js
npm notice 7.3kB src/nodes/core/StackNode.js
npm notice 2.4kB src/nodes/core/StructNode.js
npm notice 157B src/nodes/core/StructType.js
npm notice 3.7kB src/nodes/core/StructTypeNode.js
npm notice 1.7kB src/nodes/core/SubBuildNode.js
npm notice 1.9kB src/nodes/core/TempNode.js
npm notice 3.1kB src/nodes/core/UniformGroupNode.js
npm notice 5.1kB src/nodes/core/UniformNode.js
npm notice 5.7kB src/nodes/core/VarNode.js
npm notice 5.1kB src/nodes/core/VaryingNode.js
npm notice 7.0kB src/nodes/display/BlendModes.js
npm notice 3.1kB src/nodes/display/BumpMapNode.js
npm notice 5.3kB src/nodes/display/ColorAdjustment.js
npm notice 1.3kB src/nodes/display/ColorSpaceFunctions.js
npm notice 4.4kB src/nodes/display/ColorSpaceNode.js
npm notice 2.0kB src/nodes/display/FrontFacingNode.js
npm notice 2.5kB src/nodes/display/NormalMapNode.js
npm notice 20.5kB src/nodes/display/PassNode.js
npm notice 1.4kB src/nodes/display/PosterizeNode.js
npm notice 3.2kB src/nodes/display/RenderOutputNode.js
npm notice 6.4kB src/nodes/display/ScreenNode.js
npm notice 7.4kB src/nodes/display/ToneMappingFunctions.js
npm notice 2.8kB src/nodes/display/ToneMappingNode.js
npm notice 5.1kB src/nodes/display/ToonOutlinePassNode.js
npm notice 9.6kB src/nodes/display/ViewportDepthNode.js
npm notice 1.6kB src/nodes/display/ViewportDepthTextureNode.js
npm notice 1.8kB src/nodes/display/ViewportSharedTextureNode.js
npm notice 6.1kB src/nodes/display/ViewportTextureNode.js
npm notice 2.9kB src/nodes/fog/Fog.js
npm notice 2.6kB src/nodes/functions/BasicLightingModel.js
npm notice 2.0kB src/nodes/functions/BSDF/BRDF_GGX.js
npm notice 215B src/nodes/functions/BSDF/BRDF_Lambert.js
npm notice 1.8kB src/nodes/functions/BSDF/BRDF_Sheen.js
npm notice 916B src/nodes/functions/BSDF/D_GGX_Anisotropic.js
npm notice 666B src/nodes/functions/BSDF/D_GGX.js
npm notice 859B src/nodes/functions/BSDF/DFGApprox.js
npm notice 365B src/nodes/functions/BSDF/EnvironmentBRDF.js
npm notice 547B src/nodes/functions/BSDF/F_Schlick.js
npm notice 5.4kB src/nodes/functions/BSDF/LTC.js
npm notice 498B src/nodes/functions/BSDF/Schlick_to_F0.js
npm notice 1.2kB src/nodes/functions/BSDF/V_GGX_SmithCorrelated_Anisotropic.js
npm notice 871B src/nodes/functions/BSDF/V_GGX_SmithCorrelated.js
npm notice 2.3kB src/nodes/functions/material/getAlphaHashThreshold.js
npm notice 486B src/nodes/functions/material/getGeometryRoughness.js
npm notice 1.7kB src/nodes/functions/material/getParallaxCorrectNormal.js
npm notice 520B src/nodes/functions/material/getRoughness.js
npm notice 1.1kB src/nodes/functions/material/getShIrradianceAt.js
npm notice 2.9kB src/nodes/functions/PhongLightingModel.js
npm notice 24.9kB src/nodes/functions/PhysicalLightingModel.js
npm notice 1.1kB src/nodes/functions/ShadowMaskModel.js
npm notice 2.2kB src/nodes/functions/ToonLightingModel.js
npm notice 5.0kB src/nodes/functions/VolumetricLightingModel.js
npm notice 4.6kB src/nodes/geometry/RangeNode.js
npm notice 8.1kB src/nodes/gpgpu/AtomicFunctionNode.js
npm notice 2.0kB src/nodes/gpgpu/BarrierNode.js
npm notice 5.2kB src/nodes/gpgpu/ComputeBuiltinNode.js
npm notice 4.8kB src/nodes/gpgpu/ComputeNode.js
npm notice 15.5kB src/nodes/gpgpu/SubgroupFunctionNode.js
npm notice 4.9kB src/nodes/gpgpu/WorkgroupInfoNode.js
npm notice 553B src/nodes/lighting/AmbientLightNode.js
npm notice 5.8kB src/nodes/lighting/AnalyticLightNode.js
npm notice 766B src/nodes/lighting/AONode.js
npm notice 1.0kB src/nodes/lighting/BasicEnvironmentNode.js
npm notice 996B src/nodes/lighting/BasicLightMapNode.js
npm notice 727B src/nodes/lighting/DirectionalLightNode.js
npm notice 3.7kB src/nodes/lighting/EnvironmentNode.js
npm notice 2.0kB src/nodes/lighting/HemisphereLightNode.js
npm notice 1.1kB src/nodes/lighting/IESSpotLightNode.js
npm notice 733B src/nodes/lighting/IrradianceNode.js
npm notice 2.8kB src/nodes/lighting/LightingContextNode.js
npm notice 455B src/nodes/lighting/LightingNode.js
npm notice 1.5kB src/nodes/lighting/LightProbeNode.js
npm notice 8.9kB src/nodes/lighting/LightsNode.js
npm notice 1.1kB src/nodes/lighting/LightUtils.js
npm notice 2.1kB src/nodes/lighting/PointLightNode.js
npm notice 9.7kB src/nodes/lighting/PointShadowNode.js
npm notice 2.2kB src/nodes/lighting/ProjectorLightNode.js
npm notice 3.0kB src/nodes/lighting/RectAreaLightNode.js
npm notice 1.8kB src/nodes/lighting/ShadowBaseNode.js
npm notice 9.2kB src/nodes/lighting/ShadowFilterNode.js
npm notice 22.2kB src/nodes/lighting/ShadowNode.js
npm notice 4.0kB src/nodes/lighting/SpotLightNode.js
npm notice 10.6kB src/nodes/materialx/DISCLAIMER.md
npm notice 2.7kB src/nodes/materialx/lib/mx_hsv.js
npm notice 45.8kB src/nodes/materialx/lib/mx_noise.js
npm notice 862B src/nodes/materialx/lib/mx_transform_color.js
npm notice 8.7kB src/nodes/materialx/MaterialXNodes.js
npm notice 3.8kB src/nodes/math/BitcastNode.js
npm notice 5.8kB src/nodes/math/ConditionalNode.js
npm notice 665B src/nodes/math/Hash.js
npm notice 28.9kB src/nodes/math/MathNode.js
npm notice 2.4kB src/nodes/math/MathUtils.js
npm notice 17.1kB src/nodes/math/OperatorNode.js
npm notice 1.7kB src/nodes/math/TriNoise3D.js
npm notice 8.7kB src/nodes/Nodes.js
npm notice 3.3kB src/nodes/parsers/GLSLNodeFunction.js
npm notice 488B src/nodes/parsers/GLSLNodeParser.js
npm notice 7.8kB src/nodes/pmrem/PMREMNode.js
npm notice 9.0kB src/nodes/pmrem/PMREMUtils.js
npm notice 512B src/nodes/procedural/Checker.js
npm notice 762B src/nodes/shapes/Shapes.js
npm notice 6.5kB src/nodes/TSL.js
npm notice 1.8kB src/nodes/tsl/TSLBase.js
npm notice 24.7kB src/nodes/tsl/TSLCore.js
npm notice 1.5kB src/nodes/utils/ArrayElementNode.js
npm notice 2.0kB src/nodes/utils/ConvertNode.js
npm notice 5.4kB src/nodes/utils/CubeMapNode.js
npm notice 1.5kB src/nodes/utils/DebugNode.js
npm notice 816B src/nodes/utils/Discard.js
npm notice 855B src/nodes/utils/EquirectUV.js
npm notice 2.1kB src/nodes/utils/EventNode.js
npm notice 2.4kB src/nodes/utils/FlipNode.js
npm notice 3.0kB src/nodes/utils/FunctionOverloadingNode.js
npm notice 2.7kB src/nodes/utils/JoinNode.js
npm notice 7.6kB src/nodes/utils/LoopNode.js
npm notice 826B src/nodes/utils/MatcapUV.js
npm notice 2.0kB src/nodes/utils/MaxMipLevelNode.js
npm notice 1.9kB src/nodes/utils/MemberNode.js
npm notice 1.2kB src/nodes/utils/Oscillators.js
npm notice 560B src/nodes/utils/Packing.js
npm notice 4.4kB src/nodes/utils/PostProcessingUtils.js
npm notice 16.2kB src/nodes/utils/ReflectorNode.js
npm notice 3.4kB src/nodes/utils/RemapNode.js
npm notice 3.0kB src/nodes/utils/RotateNode.js
npm notice 6.7kB src/nodes/utils/RTTNode.js
npm notice 2.0kB src/nodes/utils/SampleNode.js
npm notice 2.4kB src/nodes/utils/SetNode.js
npm notice 3.5kB src/nodes/utils/SplitNode.js
npm notice 2.2kB src/nodes/utils/SpriteSheetUVNode.js
npm notice 1.9kB src/nodes/utils/SpriteUtils.js
npm notice 2.7kB src/nodes/utils/StorageArrayElementNode.js
npm notice 744B src/nodes/utils/Timer.js
npm notice 2.7kB src/nodes/utils/TriplanarTextures.js
npm notice 1.2kB src/nodes/utils/UVUtils.js
npm notice 1.0kB src/nodes/utils/ViewportUtils.js
npm notice 47.2kB src/objects/BatchedMesh.js
npm notice 612B src/objects/Bone.js
npm notice 1.3kB src/objects/ClippingGroup.js
npm notice 702B src/objects/Group.js
npm notice 10.3kB src/objects/InstancedMesh.js
npm notice 8.3kB src/objects/Line.js
npm notice 730B src/objects/LineLoop.js
npm notice 1.6kB src/objects/LineSegments.js
npm notice 6.5kB src/objects/LOD.js
npm notice 12.4kB src/objects/Mesh.js
npm notice 5.7kB src/objects/Points.js
npm notice 7.9kB src/objects/Skeleton.js
npm notice 8.7kB src/objects/SkinnedMesh.js
npm notice 6.3kB src/objects/Sprite.js
npm notice 2.6kB src/renderers/common/Animation.js
npm notice 2.4kB src/renderers/common/Attributes.js
npm notice 17.2kB src/renderers/common/Backend.js
npm notice 5.7kB src/renderers/common/Background.js
npm notice 1.1kB src/renderers/common/BindGroup.js
npm notice 1.0kB src/renderers/common/Binding.js
npm notice 6.8kB src/renderers/common/Bindings.js
npm notice 1.3kB src/renderers/common/Buffer.js
npm notice 1.5kB src/renderers/common/BufferUtils.js
npm notice 1.7kB src/renderers/common/BundleGroup.js
npm notice 1.8kB src/renderers/common/ChainMap.js
npm notice 5.6kB src/renderers/common/ClippingContext.js
npm notice 1.6kB src/renderers/common/Color4.js
npm notice 740B src/renderers/common/ComputePipeline.js
npm notice 283B src/renderers/common/Constants.js
npm notice 3.0kB src/renderers/common/CubeRenderTarget.js
npm notice 1.3kB src/renderers/common/DataMap.js
npm notice 26.8kB src/renderers/common/extras/PMREMGenerator.js
npm notice 7.4kB src/renderers/common/Geometries.js
npm notice 998B src/renderers/common/IndirectStorageBufferAttribute.js
npm notice 3.8kB src/renderers/common/Info.js
npm notice 1.4kB src/renderers/common/Lighting.js
npm notice 3.9kB src/renderers/common/nodes/NodeBuilderState.js
npm notice 5.3kB src/renderers/common/nodes/NodeLibrary.js
npm notice 19.3kB src/renderers/common/nodes/Nodes.js
npm notice 3.0kB src/renderers/common/nodes/NodeSampledTexture.js
npm notice 903B src/renderers/common/nodes/NodeSampler.js
npm notice 1.2kB src/renderers/common/nodes/NodeStorageBuffer.js
npm notice 6.7kB src/renderers/common/nodes/NodeUniform.js
npm notice 947B src/renderers/common/nodes/NodeUniformBuffer.js
npm notice 872B src/renderers/common/nodes/NodeUniformsGroup.js
npm notice 484B src/renderers/common/Pipeline.js
npm notice 11.8kB src/renderers/common/Pipelines.js
npm notice 5.6kB src/renderers/common/PostProcessing.js
npm notice 1.8kB src/renderers/common/ProgrammableStage.js
npm notice 2.5kB src/renderers/common/QuadMesh.js
npm notice 458B src/renderers/common/RenderBundle.js
npm notice 1.2kB src/renderers/common/RenderBundles.js
npm notice 5.0kB src/renderers/common/RenderContext.js
npm notice 2.6kB src/renderers/common/RenderContexts.js
npm notice 81.4kB src/renderers/common/Renderer.js
npm notice 5.5kB src/renderers/common/RendererUtils.js
npm notice 10.2kB src/renderers/common/RenderList.js
npm notice 1.3kB src/renderers/common/RenderLists.js
npm notice 19.2kB src/renderers/common/RenderObject.js
npm notice 5.3kB src/renderers/common/RenderObjects.js
npm notice 806B src/renderers/common/RenderPipeline.js
npm notice 2.6kB src/renderers/common/SampledTexture.js
npm notice 2.1kB src/renderers/common/Sampler.js
npm notice 2.3kB src/renderers/common/Storage3DTexture.js
npm notice 2.0kB src/renderers/common/StorageArrayTexture.js
npm notice 718B src/renderers/common/StorageBuffer.js
npm notice 1.5kB src/renderers/common/StorageBufferAttribute.js
npm notice 1.6kB src/renderers/common/StorageInstancedBufferAttribute.js
npm notice 1.7kB src/renderers/common/StorageTexture.js
npm notice 11.4kB src/renderers/common/Textures.js
npm notice 1.6kB src/renderers/common/TimestampQueryPool.js
npm notice 6.0kB src/renderers/common/Uniform.js
npm notice 561B src/renderers/common/UniformBuffer.js
npm notice 10.6kB src/renderers/common/UniformsGroup.js
npm notice 43.2kB src/renderers/common/XRManager.js
npm notice 2.3kB src/renderers/common/XRRenderTarget.js
npm notice 15.5kB src/renderers/shaders/ShaderChunk.js
npm notice 129B src/renderers/shaders/ShaderChunk/alphahash_fragment.glsl.js
npm notice 1.8kB src/renderers/shaders/ShaderChunk/alphahash_pars_fragment.glsl.js
npm notice 116B src/renderers/shaders/ShaderChunk/alphamap_fragment.glsl.js
npm notice 88B src/renderers/shaders/ShaderChunk/alphamap_pars_fragment.glsl.js
npm notice 285B src/renderers/shaders/ShaderChunk/alphatest_fragment.glsl.js
npm notice 84B src/renderers/shaders/ShaderChunk/alphatest_pars_fragment.glsl.js
npm notice 700B src/renderers/shaders/ShaderChunk/aomap_fragment.glsl.js
npm notice 113B src/renderers/shaders/ShaderChunk/aomap_pars_fragment.glsl.js
npm notice 1.2kB src/renderers/shaders/ShaderChunk/batching_pars_vertex.glsl.js
npm notice 132B src/renderers/shaders/ShaderChunk/batching_vertex.glsl.js
npm notice 129B src/renderers/shaders/ShaderChunk/begin_vertex.glsl.js
npm notice 138B src/renderers/shaders/ShaderChunk/beginnormal_vertex.glsl.js
npm notice 845B src/renderers/shaders/ShaderChunk/bsdfs.glsl.js
npm notice 1.3kB src/renderers/shaders/ShaderChunk/bumpmap_pars_fragment.glsl.js
npm notice 104B src/renderers/shaders/ShaderChunk/clearcoat_normal_fragment_begin.glsl.js
npm notice 262B src/renderers/shaders/ShaderChunk/clearcoat_normal_fragment_maps.glsl.js
npm notice 299B src/renderers/shaders/ShaderChunk/clearcoat_pars_fragment.glsl.js
npm notice 1.8kB src/renderers/shaders/ShaderChunk/clipping_planes_fragment.glsl.js
npm notice 150B src/renderers/shaders/ShaderChunk/clipping_planes_pars_fragment.glsl.js
npm notice 96B src/renderers/shaders/ShaderChunk/clipping_planes_pars_vertex.glsl.js
npm notice 102B src/renderers/shaders/ShaderChunk/clipping_planes_vertex.glsl.js
npm notice 153B src/renderers/shaders/ShaderChunk/color_fragment.glsl.js
npm notice 143B src/renderers/shaders/ShaderChunk/color_pars_fragment.glsl.js
npm notice 211B src/renderers/shaders/ShaderChunk/color_pars_vertex.glsl.js
npm notice 474B src/renderers/shaders/ShaderChunk/color_vertex.glsl.js
npm notice 82B src/renderers/shaders/ShaderChunk/colorspace_fragment.glsl.js
npm notice 525B src/renderers/shaders/ShaderChunk/colorspace_pars_fragment.glsl.js
npm notice 3.6kB src/renderers/shaders/ShaderChunk/common.glsl.js
npm notice 3.9kB src/renderers/shaders/ShaderChunk/cube_uv_reflection_fragment.glsl.js
npm notice 90B src/renderers/shaders/ShaderChunk/default_fragment.glsl.js
npm notice 121B src/renderers/shaders/ShaderChunk/default_vertex.glsl.js
npm notice 1.3kB src/renderers/shaders/ShaderChunk/defaultnormal_vertex.glsl.js
npm notice 169B src/renderers/shaders/ShaderChunk/displacementmap_pars_vertex.glsl.js
npm notice 205B src/renderers/shaders/ShaderChunk/displacementmap_vertex.glsl.js
npm notice 107B src/renderers/shaders/ShaderChunk/dithering_fragment.glsl.js
npm notice 608B src/renderers/shaders/ShaderChunk/dithering_pars_fragment.glsl.js
npm notice 377B src/renderers/shaders/ShaderChunk/emissivemap_fragment.glsl.js
npm notice 94B src/renderers/shaders/ShaderChunk/emissivemap_pars_fragment.glsl.js
npm notice 246B src/renderers/shaders/ShaderChunk/envmap_common_pars_fragment.glsl.js
npm notice 1.3kB src/renderers/shaders/ShaderChunk/envmap_fragment.glsl.js
npm notice 345B src/renderers/shaders/ShaderChunk/envmap_pars_fragment.glsl.js
npm notice 320B src/renderers/shaders/ShaderChunk/envmap_pars_vertex.glsl.js
npm notice 1.7kB src/renderers/shaders/ShaderChunk/envmap_physical_pars_fragment.glsl.js
npm notice 647B src/renderers/shaders/ShaderChunk/envmap_vertex.glsl.js
npm notice 303B src/renderers/shaders/ShaderChunk/fog_fragment.glsl.js
npm notice 218B src/renderers/shaders/ShaderChunk/fog_pars_fragment.glsl.js
npm notice 80B src/renderers/shaders/ShaderChunk/fog_pars_vertex.glsl.js
npm notice 83B src/renderers/shaders/ShaderChunk/fog_vertex.glsl.js
npm notice 512B src/renderers/shaders/ShaderChunk/gradientmap_pars_fragment.glsl.js
npm notice 3.6kB src/renderers/shaders/ShaderChunk/iridescence_fragment.glsl.js
npm notice 191B src/renderers/shaders/ShaderChunk/iridescence_pars_fragment.glsl.js
npm notice 122B src/renderers/shaders/ShaderChunk/lightmap_pars_fragment.glsl.js
npm notice 6.2kB src/renderers/shaders/ShaderChunk/lights_fragment_begin.glsl.js
npm notice 425B src/renderers/shaders/ShaderChunk/lights_fragment_end.glsl.js
npm notice 897B src/renderers/shaders/ShaderChunk/lights_fragment_maps.glsl.js
npm notice 144B src/renderers/shaders/ShaderChunk/lights_lambert_fragment.glsl.js
npm notice 1.1kB src/renderers/shaders/ShaderChunk/lights_lambert_pars_fragment.glsl.js
npm notice 5.2kB src/renderers/shaders/ShaderChunk/lights_pars_begin.glsl.js
npm notice 222B src/renderers/shaders/ShaderChunk/lights_phong_fragment.glsl.js
npm notice 1.3kB src/renderers/shaders/ShaderChunk/lights_phong_pars_fragment.glsl.js
npm notice 4.1kB src/renderers/shaders/ShaderChunk/lights_physical_fragment.glsl.js
npm notice 18.4kB src/renderers/shaders/ShaderChunk/lights_physical_pars_fragment.glsl.js
npm notice 95B src/renderers/shaders/ShaderChunk/lights_toon_fragment.glsl.js
npm notice 1.0kB src/renderers/shaders/ShaderChunk/lights_toon_pars_fragment.glsl.js
npm notice 291B src/renderers/shaders/ShaderChunk/logdepthbuf_fragment.glsl.js
npm notice 171B src/renderers/shaders/ShaderChunk/logdepthbuf_pars_fragment.glsl.js
npm notice 133B src/renderers/shaders/ShaderChunk/logdepthbuf_pars_vertex.glsl.js
npm notice 178B src/renderers/shaders/ShaderChunk/logdepthbuf_vertex.glsl.js
npm notice 355B src/renderers/shaders/ShaderChunk/map_fragment.glsl.js
npm notice 78B src/renderers/shaders/ShaderChunk/map_pars_fragment.glsl.js
npm notice 381B src/renderers/shaders/ShaderChunk/map_particle_fragment.glsl.js
npm notice 292B src/renderers/shaders/ShaderChunk/map_particle_pars_fragment.glsl.js
npm notice 294B src/renderers/shaders/ShaderChunk/metalnessmap_fragment.glsl.js
npm notice 96B src/renderers/shaders/ShaderChunk/metalnessmap_pars_fragment.glsl.js
npm notice 826B src/renderers/shaders/ShaderChunk/morphcolor_vertex.glsl.js
npm notice 364B src/renderers/shaders/ShaderChunk/morphinstance_vertex.glsl.js
npm notice 641B src/renderers/shaders/ShaderChunk/morphnormal_vertex.glsl.js
npm notice 678B src/renderers/shaders/ShaderChunk/morphtarget_pars_vertex.glsl.js
npm notice 641B src/renderers/shaders/ShaderChunk/morphtarget_vertex.glsl.js
npm notice 1.3kB src/renderers/shaders/ShaderChunk/normal_fragment_begin.glsl.js
npm notice 642B src/renderers/shaders/ShaderChunk/normal_fragment_maps.glsl.js
npm notice 165B src/renderers/shaders/ShaderChunk/normal_pars_fragment.glsl.js
npm notice 165B src/renderers/shaders/ShaderChunk/normal_pars_vertex.glsl.js
npm notice 303B src/renderers/shaders/ShaderChunk/normal_vertex.glsl.js
npm notice 971B src/renderers/shaders/ShaderChunk/normalmap_pars_fragment.glsl.js
npm notice 206B src/renderers/shaders/ShaderChunk/opaque_fragment.glsl.js
npm notice 3.2kB src/renderers/shaders/ShaderChunk/packing.glsl.js
npm notice 219B src/renderers/shaders/ShaderChunk/premultiplied_alpha_fragment.glsl.js
npm notice 312B src/renderers/shaders/ShaderChunk/project_vertex.glsl.js
npm notice 294B src/renderers/shaders/ShaderChunk/roughnessmap_fragment.glsl.js
npm notice 96B src/renderers/shaders/ShaderChunk/roughnessmap_pars_fragment.glsl.js
npm notice 10.5kB src/renderers/shaders/ShaderChunk/shadowmap_pars_fragment.glsl.js
npm notice 1.4kB src/renderers/shaders/ShaderChunk/shadowmap_pars_vertex.glsl.js
npm notice 1.8kB src/renderers/shaders/ShaderChunk/shadowmap_vertex.glsl.js
npm notice 1.6kB src/renderers/shaders/ShaderChunk/shadowmask_pars_fragment.glsl.js
npm notice 247B src/renderers/shaders/ShaderChunk/skinbase_vertex.glsl.js
npm notice 589B src/renderers/shaders/ShaderChunk/skinning_pars_vertex.glsl.js
npm notice 400B src/renderers/shaders/ShaderChunk/skinning_vertex.glsl.js
npm notice 481B src/renderers/shaders/ShaderChunk/skinnormal_vertex.glsl.js
npm notice 221B src/renderers/shaders/ShaderChunk/specularmap_fragment.glsl.js
npm notice 94B src/renderers/shaders/ShaderChunk/specularmap_pars_fragment.glsl.js
npm notice 120B src/renderers/shaders/ShaderChunk/tonemapping_fragment.glsl.js
npm notice 5.3kB src/renderers/shaders/ShaderChunk/tonemapping_pars_fragment.glsl.js
npm notice 1.1kB src/renderers/shaders/ShaderChunk/transmission_fragment.glsl.js
npm notice 7.3kB src/renderers/shaders/ShaderChunk/transmission_pars_fragment.glsl.js
npm notice 1.6kB src/renderers/shaders/ShaderChunk/uv_pars_fragment.glsl.js
npm notice 2.5kB src/renderers/shaders/ShaderChunk/uv_pars_vertex.glsl.js
npm notice 2.8kB src/renderers/shaders/ShaderChunk/uv_vertex.glsl.js
npm notice 439B src/renderers/shaders/ShaderChunk/worldpos_vertex.glsl.js
npm notice 8.4kB src/renderers/shaders/ShaderLib.js
npm notice 829B src/renderers/shaders/ShaderLib/background.glsl.js
npm notice 1.2kB src/renderers/shaders/ShaderLib/backgroundCube.glsl.js
npm notice 654B src/renderers/shaders/ShaderLib/cube.glsl.js
npm notice 2.5kB src/renderers/shaders/ShaderLib/depth.glsl.js
npm notice 1.7kB src/renderers/shaders/ShaderLib/distanceRGBA.glsl.js
npm notice 568B src/renderers/shaders/ShaderLib/equirect.glsl.js
npm notice 1.6kB src/renderers/shaders/ShaderLib/linedashed.glsl.js
npm notice 2.7kB src/renderers/shaders/ShaderLib/meshbasic.glsl.js
npm notice 3.2kB src/renderers/shaders/ShaderLib/meshlambert.glsl.js
npm notice 2.7kB src/renderers/shaders/ShaderLib/meshmatcap.glsl.js
npm notice 1.9kB src/renderers/shaders/ShaderLib/meshnormal.glsl.js
npm notice 3.3kB src/renderers/shaders/ShaderLib/meshphong.glsl.js
npm notice 5.6kB src/renderers/shaders/ShaderLib/meshphysical.glsl.js
npm notice 3.0kB src/renderers/shaders/ShaderLib/meshtoon.glsl.js
npm notice 1.8kB src/renderers/shaders/ShaderLib/points.glsl.js
npm notice 1.2kB src/renderers/shaders/ShaderLib/shadow.glsl.js
npm notice 1.8kB src/renderers/shaders/ShaderLib/sprite.glsl.js
npm notice 1.2kB src/renderers/shaders/ShaderLib/vsm.glsl.js
npm notice 4.6kB src/renderers/shaders/UniformsLib.js
npm notice 1.9kB src/renderers/shaders/UniformsUtils.js
npm notice 37.2kB src/renderers/webgl-fallback/nodes/GLSLNodeBuilder.js
npm notice 7.6kB src/renderers/webgl-fallback/utils/WebGLAttributeUtils.js
npm notice 1.3kB src/renderers/webgl-fallback/utils/WebGLCapabilities.js
npm notice 609B src/renderers/webgl-fallback/utils/WebGLConstants.js
npm notice 1.5kB src/renderers/webgl-fallback/utils/WebGLExtensions.js
npm notice 26.5kB src/renderers/webgl-fallback/utils/WebGLState.js
npm notice 36.1kB src/renderers/webgl-fallback/utils/WebGLTextureUtils.js
npm notice 7.4kB src/renderers/webgl-fallback/utils/WebGLTimestampQueryPool.js
npm notice 11.0kB src/renderers/webgl-fallback/utils/WebGLUtils.js
npm notice 66.2kB src/renderers/webgl-fallback/WebGLBackend.js
npm notice 2.4kB src/renderers/webgl-fallback/WebGLBufferRenderer.js
npm notice 767B src/renderers/webgl/WebGLAnimation.js
npm notice 5.1kB src/renderers/webgl/WebGLAttributes.js
npm notice 7.8kB src/renderers/webgl/WebGLBackground.js
npm notice 12.4kB src/renderers/webgl/WebGLBindingStates.js
npm notice 1.6kB src/renderers/webgl/WebGLBufferRenderer.js
npm notice 3.8kB src/renderers/webgl/WebGLCapabilities.js
npm notice 3.4kB src/renderers/webgl/WebGLClipping.js
npm notice 1.9kB src/renderers/webgl/WebGLCubeMaps.js
npm notice 2.9kB src/renderers/webgl/WebGLCubeUVMaps.js
npm notice 1.9kB src/renderers/webgl/WebGLExtensions.js
npm notice 3.4kB src/renderers/webgl/WebGLGeometries.js
npm notice 1.9kB src/renderers/webgl/WebGLIndexedBufferRenderer.js
npm notice 1.0kB src/renderers/webgl/WebGLInfo.js
npm notice 13.2kB src/renderers/webgl/WebGLLights.js
npm notice 14.0kB src/renderers/webgl/WebGLMaterials.js
npm notice 4.6kB src/renderers/webgl/WebGLMorphtargets.js
npm notice 1.6kB src/renderers/webgl/WebGLObjects.js
npm notice 31.4kB src/renderers/webgl/WebGLProgram.js
npm notice 21.5kB src/renderers/webgl/WebGLPrograms.js
npm notice 639B src/renderers/webgl/WebGLProperties.js
npm notice 4.1kB src/renderers/webgl/WebGLRenderLists.js
npm notice 1.7kB src/renderers/webgl/WebGLRenderStates.js
npm notice 196B src/renderers/webgl/WebGLShader.js
npm notice 2.0kB src/renderers/webgl/WebGLShaderCache.js
npm notice 11.9kB src/renderers/webgl/WebGLShadowMap.js
npm notice 26.5kB src/renderers/webgl/WebGLState.js
npm notice 66.8kB src/renderers/webgl/WebGLTextures.js
npm notice 20.8kB src/renderers/webgl/WebGLUniforms.js
npm notice 8.6kB src/renderers/webgl/WebGLUniformsGroups.js
npm notice 9.6kB src/renderers/webgl/WebGLUtils.js
npm notice 1.2kB src/renderers/WebGL3DRenderTarget.js
npm notice 1.2kB src/renderers/WebGLArrayRenderTarget.js
npm notice 4.9kB src/renderers/WebGLCubeRenderTarget.js
npm notice 102.9kB src/renderers/WebGLRenderer.js
npm notice 739B src/renderers/WebGLRenderTarget.js
npm notice 2.4kB src/renderers/webgpu/nodes/BasicNodeLibrary.js
npm notice 4.9kB src/renderers/webgpu/nodes/StandardNodeLibrary.js
npm notice 62.0kB src/renderers/webgpu/nodes/WGSLNodeBuilder.js
npm notice 3.9kB src/renderers/webgpu/nodes/WGSLNodeFunction.js
npm notice 500B src/renderers/webgpu/nodes/WGSLNodeParser.js
npm notice 11.0kB src/renderers/webgpu/utils/WebGPUAttributeUtils.js
npm notice 11.3kB src/renderers/webgpu/utils/WebGPUBindingUtils.js
npm notice 8.1kB src/renderers/webgpu/utils/WebGPUConstants.js
npm notice 19.2kB src/renderers/webgpu/utils/WebGPUPipelineUtils.js
npm notice 10.5kB src/renderers/webgpu/utils/WebGPUTexturePassUtils.js
npm notice 43.6kB src/renderers/webgpu/utils/WebGPUTextureUtils.js
npm notice 6.0kB src/renderers/webgpu/utils/WebGPUTimestampQueryPool.js
npm notice 5.2kB src/renderers/webgpu/utils/WebGPUUtils.js
npm notice 64.5kB src/renderers/webgpu/WebGPUBackend.js
npm notice 3.5kB src/renderers/webgpu/WebGPURenderer.js
npm notice 1.5kB src/renderers/webgpu/WebGPURenderer.Nodes.js
npm notice 9.0kB src/renderers/webxr/WebXRController.js
npm notice 2.9kB src/renderers/webxr/WebXRDepthSensing.js
npm notice 28.6kB src/renderers/webxr/WebXRManager.js
npm notice 1.9kB src/scenes/Fog.js
npm notice 1.6kB src/scenes/FogExp2.js
npm notice 4.2kB src/scenes/Scene.js
npm notice 1.4kB src/textures/CanvasTexture.js
npm notice 2.4kB src/textures/CompressedArrayTexture.js
npm notice 1.1kB src/textures/CompressedCubeTexture.js
npm notice 2.6kB src/textures/CompressedTexture.js
npm notice 2.1kB src/textures/CubeTexture.js
npm notice 2.9kB src/textures/Data3DTexture.js
npm notice 3.4kB src/textures/DataArrayTexture.js
npm notice 2.6kB src/textures/DataTexture.js
npm notice 2.9kB src/textures/DepthTexture.js
npm notice 1.1kB src/textures/ExternalTexture.js
npm notice 2.4kB src/textures/FramebufferTexture.js
npm notice 4.4kB src/textures/Source.js
npm notice 18.4kB src/textures/Texture.js
npm notice 2.1kB src/textures/VideoFrameTexture.js
npm notice 3.3kB src/textures/VideoTexture.js
npm notice 9.6kB src/Three.Core.js
npm notice 483B src/Three.js
npm notice 0B src/Three.Legacy.js
npm notice 28.0kB src/Three.TSL.js
npm notice 1.8kB src/Three.WebGPU.js
npm notice 1.6kB src/Three.WebGPU.Nodes.js
npm notice 2.7kB src/utils.js
npm notice Tarball Details
npm notice name: three
npm notice version: 0.180.0
npm notice filename: three-0.180.0.tgz
npm notice package size: 7.8 MB
npm notice unpacked size: 30.8 MB
npm notice shasum: b930cabfb524f6d36bf63e874b4d866888b50487
npm notice integrity: sha512-o+qycAMZrh+Ts[...]VU6+gkQJQKg9w==
npm notice total files: 1117
npm notice
three-0.180.0.tgz
npm notice
npm notice New major version of npm available! 11.12.1 -> 12.0.2
npm notice Changelog: https://github.com/npm/cli/releases/tag/v12.0.2
npm notice To update run: npm install -g npm@12.0.2
npm notice
